../Core/Src/main.c:89:6:map	24	static
../Core/Src/main.c:102:7:mapf	32	static
../Core/Src/main.c:106:7:ComputePIDadpt	56	static
../Core/Src/main.c:152:6:mootorSpeed	16	static
../Core/Src/main.c:181:6:HAL_TIM_PeriodElapsedCallback	24	static
../Core/Src/main.c:211:6:motorLOOP	4	static
../Core/Src/main.c:263:9:chechOverlapIMU	16	static
../Core/Src/main.c:295:6:ADXL_Read	16	static
../Core/Src/main.c:300:6:ADXL_Write	16	static
../Core/Src/main.c:304:6:ADXL_setRegisterBit	24	static
../Core/Src/main.c:322:5:main	16	static
../Core/Src/main.c:523:6:SystemClock_Config	88	static
../Core/Src/main.c:569:13:MX_ADC1_Init	24	static
../Core/Src/main.c:630:13:MX_TIM1_Init	96	static
../Core/Src/main.c:709:13:MX_TIM2_Init	64	static
../Core/Src/main.c:768:13:MX_TIM3_Init	56	static
../Core/Src/main.c:817:13:MX_TIM4_Init	32	static
../Core/Src/main.c:862:13:MX_USART1_UART_Init	8	static
../Core/Src/main.c:893:13:MX_DMA_Init	16	static
../Core/Src/main.c:923:13:MX_GPIO_Init	40	static
../Core/Src/main.c:959:6:moveDataToStructPID	16	static
../Core/Src/main.c:977:6:moveDataToStructControl	16	static
../Core/Src/main.c:990:6:HAL_UART_RxCpltCallback	40	static
../Core/Src/main.c:1461:6:Error_Handler	4	static,ignoring_inline_asm
